Ôùç injected env (7) from .env.test // tip: Ôîÿ multiple files { path: ['.env.local', '.env'] }
Ôùç injected env (0) from .env.local // tip: Ôùê encrypted .env [www.dotenvx.com]

Running 1 test using 1 worker

Ôùç injected env (0) from .env.test // tip: Ôîÿ custom filepath { path: '/custom/path/.env' }
Ôùç injected env (0) from .env.local // tip: Ôùê secrets for agents [www.dotenvx.com]
  x  1 [bloc0-landing] ÔÇ║ tests\bloc0-landing.spec.ts:36:7 ÔÇ║ Bloc 0 ÔÇö Landing Page ÔÇ║ 0.4 ÔÇö Les 3 arguments de vente sont affich├®s (646ms)
Ôùç injected env (0) from .env.test // tip: Ôîÿ custom filepath { path: '/custom/path/.env' }
Ôùç injected env (0) from .env.local // tip: Ôùê secrets for agents [www.dotenvx.com]
  x  2 [bloc0-landing] ÔÇ║ tests\bloc0-landing.spec.ts:36:7 ÔÇ║ Bloc 0 ÔÇö Landing Page ÔÇ║ 0.4 ÔÇö Les 3 arguments de vente sont affich├®s (retry #1) (638ms)


  1) [bloc0-landing] ÔÇ║ tests\bloc0-landing.spec.ts:36:7 ÔÇ║ Bloc 0 ÔÇö Landing Page ÔÇ║ 0.4 ÔÇö Les 3 arguments de vente sont affich├®s 

    Error: [2mexpect([22m[31mlocator[39m[2m).[22mtoBeVisible[2m([22m[2m)[22m failed

    Locator: locator('text=temps r├®el')
    Expected: visible
    Error: strict mode violation: locator('text=temps r├®el') resolved to 2 elements:
        1) <p class="text-slate-500 text-sm mb-10">Chattez avec Alex, notre IA coach, et regardez voÔÇª</p> aka getByText('Chattez avec Alex, notre IA')
        2) <p class="text-white text-xs font-semibold mb-1">Mise ├á jour en temps r├®el</p> aka getByText('Mise ├á jour en temps r├®el')

    Call log:
    [2m  - Expect "toBeVisible" with timeout 20000ms[22m
    [2m  - waiting for locator('text=temps r├®el')[22m


      36 |   test("0.4 ÔÇö Les 3 arguments de vente sont affich├®s", async ({ page }) => {
      37 |     await expect(page.locator("text=IA Conversationnelle")).toBeVisible();
    > 38 |     await expect(page.locator("text=temps r├®el")).toBeVisible();
         |                                                   ^
      39 |     await expect(page.locator("text=ATS")).toBeVisible();
      40 |   });
      41 |
        at D:\BUREAU 2026\PROJETS ENCOURS\AUTHENTICV\authenticv\tests\bloc0-landing.spec.ts:38:51

    attachment #1: screenshot (image/png) ÔöÇÔöÇÔöÇÔöÇÔöÇÔöÇÔöÇÔöÇÔöÇÔöÇÔöÇÔöÇÔöÇÔöÇÔöÇÔöÇÔöÇÔöÇÔöÇÔöÇÔöÇÔöÇÔöÇÔöÇÔöÇÔöÇÔöÇÔöÇÔöÇÔöÇÔöÇÔöÇÔöÇÔöÇÔöÇÔöÇÔöÇÔöÇÔöÇÔöÇÔöÇÔöÇÔöÇÔöÇÔöÇÔöÇÔöÇÔöÇÔöÇÔöÇÔöÇÔöÇÔöÇÔöÇÔöÇÔöÇÔöÇÔöÇ
    test-results\bloc0-landing-Bloc-0-ÔÇö-Lan-58fd2-ents-de-vente-sont-affich├®s-bloc0-landing\test-failed-1.png
    ÔöÇÔöÇÔöÇÔöÇÔöÇÔöÇÔöÇÔöÇÔöÇÔöÇÔöÇÔöÇÔöÇÔöÇÔöÇÔöÇÔöÇÔöÇÔöÇÔöÇÔöÇÔöÇÔöÇÔöÇÔöÇÔöÇÔöÇÔöÇÔöÇÔöÇÔöÇÔöÇÔöÇÔöÇÔöÇÔöÇÔöÇÔöÇÔöÇÔöÇÔöÇÔöÇÔöÇÔöÇÔöÇÔöÇÔöÇÔöÇÔöÇÔöÇÔöÇÔöÇÔöÇÔöÇÔöÇÔöÇÔöÇÔöÇÔöÇÔöÇÔöÇÔöÇÔöÇÔöÇÔöÇÔöÇÔöÇÔöÇÔöÇÔöÇÔöÇÔöÇÔöÇÔöÇÔöÇÔöÇÔöÇÔöÇÔöÇÔöÇÔöÇÔöÇÔöÇÔöÇÔöÇÔöÇÔöÇÔöÇÔöÇÔöÇÔöÇÔöÇÔöÇÔöÇÔöÇÔöÇ

    attachment #2: video (video/webm) ÔöÇÔöÇÔöÇÔöÇÔöÇÔöÇÔöÇÔöÇÔöÇÔöÇÔöÇÔöÇÔöÇÔöÇÔöÇÔöÇÔöÇÔöÇÔöÇÔöÇÔöÇÔöÇÔöÇÔöÇÔöÇÔöÇÔöÇÔöÇÔöÇÔöÇÔöÇÔöÇÔöÇÔöÇÔöÇÔöÇÔöÇÔöÇÔöÇÔöÇÔöÇÔöÇÔöÇÔöÇÔöÇÔöÇÔöÇÔöÇÔöÇÔöÇÔöÇÔöÇÔöÇÔöÇÔöÇÔöÇÔöÇÔöÇÔöÇÔöÇÔöÇÔöÇ
    test-results\bloc0-landing-Bloc-0-ÔÇö-Lan-58fd2-ents-de-vente-sont-affich├®s-bloc0-landing\video.webm
    ÔöÇÔöÇÔöÇÔöÇÔöÇÔöÇÔöÇÔöÇÔöÇÔöÇÔöÇÔöÇÔöÇÔöÇÔöÇÔöÇÔöÇÔöÇÔöÇÔöÇÔöÇÔöÇÔöÇÔöÇÔöÇÔöÇÔöÇÔöÇÔöÇÔöÇÔöÇÔöÇÔöÇÔöÇÔöÇÔöÇÔöÇÔöÇÔöÇÔöÇÔöÇÔöÇÔöÇÔöÇÔöÇÔöÇÔöÇÔöÇÔöÇÔöÇÔöÇÔöÇÔöÇÔöÇÔöÇÔöÇÔöÇÔöÇÔöÇÔöÇÔöÇÔöÇÔöÇÔöÇÔöÇÔöÇÔöÇÔöÇÔöÇÔöÇÔöÇÔöÇÔöÇÔöÇÔöÇÔöÇÔöÇÔöÇÔöÇÔöÇÔöÇÔöÇÔöÇÔöÇÔöÇÔöÇÔöÇÔöÇÔöÇÔöÇÔöÇÔöÇÔöÇÔöÇÔöÇÔöÇ

    Error Context: test-results\bloc0-landing-Bloc-0-ÔÇö-Lan-58fd2-ents-de-vente-sont-affich├®s-bloc0-landing\error-context.md

    attachment #4: trace (application/zip) ÔöÇÔöÇÔöÇÔöÇÔöÇÔöÇÔöÇÔöÇÔöÇÔöÇÔöÇÔöÇÔöÇÔöÇÔöÇÔöÇÔöÇÔöÇÔöÇÔöÇÔöÇÔöÇÔöÇÔöÇÔöÇÔöÇÔöÇÔöÇÔöÇÔöÇÔöÇÔöÇÔöÇÔöÇÔöÇÔöÇÔöÇÔöÇÔöÇÔöÇÔöÇÔöÇÔöÇÔöÇÔöÇÔöÇÔöÇÔöÇÔöÇÔöÇÔöÇÔöÇÔöÇÔöÇÔöÇÔöÇÔöÇ
    test-results\bloc0-landing-Bloc-0-ÔÇö-Lan-58fd2-ents-de-vente-sont-affich├®s-bloc0-landing\trace.zip
    Usage:

        npx playwright show-trace test-results\bloc0-landing-Bloc-0-ÔÇö-Lan-58fd2-ents-de-vente-sont-affich├®s-bloc0-landing\trace.zip

    ÔöÇÔöÇÔöÇÔöÇÔöÇÔöÇÔöÇÔöÇÔöÇÔöÇÔöÇÔöÇÔöÇÔöÇÔöÇÔöÇÔöÇÔöÇÔöÇÔöÇÔöÇÔöÇÔöÇÔöÇÔöÇÔöÇÔöÇÔöÇÔöÇÔöÇÔöÇÔöÇÔöÇÔöÇÔöÇÔöÇÔöÇÔöÇÔöÇÔöÇÔöÇÔöÇÔöÇÔöÇÔöÇÔöÇÔöÇÔöÇÔöÇÔöÇÔöÇÔöÇÔöÇÔöÇÔöÇÔöÇÔöÇÔöÇÔöÇÔöÇÔöÇÔöÇÔöÇÔöÇÔöÇÔöÇÔöÇÔöÇÔöÇÔöÇÔöÇÔöÇÔöÇÔöÇÔöÇÔöÇÔöÇÔöÇÔöÇÔöÇÔöÇÔöÇÔöÇÔöÇÔöÇÔöÇÔöÇÔöÇÔöÇÔöÇÔöÇÔöÇÔöÇÔöÇÔöÇÔöÇ

    Retry #1 ÔöÇÔöÇÔöÇÔöÇÔöÇÔöÇÔöÇÔöÇÔöÇÔöÇÔöÇÔöÇÔöÇÔöÇÔöÇÔöÇÔöÇÔöÇÔöÇÔöÇÔöÇÔöÇÔöÇÔöÇÔöÇÔöÇÔöÇÔöÇÔöÇÔöÇÔöÇÔöÇÔöÇÔöÇÔöÇÔöÇÔöÇÔöÇÔöÇÔöÇÔöÇÔöÇÔöÇÔöÇÔöÇÔöÇÔöÇÔöÇÔöÇÔöÇÔöÇÔöÇÔöÇÔöÇÔöÇÔöÇÔöÇÔöÇÔöÇÔöÇÔöÇÔöÇÔöÇÔöÇÔöÇÔöÇÔöÇÔöÇÔöÇÔöÇÔöÇÔöÇÔöÇÔöÇÔöÇÔöÇÔöÇÔöÇÔöÇÔöÇÔöÇÔöÇÔöÇÔöÇÔöÇÔöÇÔöÇ

    Error: [2mexpect([22m[31mlocator[39m[2m).[22mtoBeVisible[2m([22m[2m)[22m failed

    Locator: locator('text=temps r├®el')
    Expected: visible
    Error: strict mode violation: locator('text=temps r├®el') resolved to 2 elements:
        1) <p class="text-slate-500 text-sm mb-10">Chattez avec Alex, notre IA coach, et regardez voÔÇª</p> aka getByText('Chattez avec Alex, notre IA')
        2) <p class="text-white text-xs font-semibold mb-1">Mise ├á jour en temps r├®el</p> aka getByText('Mise ├á jour en temps r├®el')

    Call log:
    [2m  - Expect "toBeVisible" with timeout 20000ms[22m
    [2m  - waiting for locator('text=temps r├®el')[22m


      36 |   test("0.4 ÔÇö Les 3 arguments de vente sont affich├®s", async ({ page }) => {
      37 |     await expect(page.locator("text=IA Conversationnelle")).toBeVisible();
    > 38 |     await expect(page.locator("text=temps r├®el")).toBeVisible();
         |                                                   ^
      39 |     await expect(page.locator("text=ATS")).toBeVisible();
      40 |   });
      41 |
        at D:\BUREAU 2026\PROJETS ENCOURS\AUTHENTICV\authenticv\tests\bloc0-landing.spec.ts:38:51

    attachment #1: screenshot (image/png) ÔöÇÔöÇÔöÇÔöÇÔöÇÔöÇÔöÇÔöÇÔöÇÔöÇÔöÇÔöÇÔöÇÔöÇÔöÇÔöÇÔöÇÔöÇÔöÇÔöÇÔöÇÔöÇÔöÇÔöÇÔöÇÔöÇÔöÇÔöÇÔöÇÔöÇÔöÇÔöÇÔöÇÔöÇÔöÇÔöÇÔöÇÔöÇÔöÇÔöÇÔöÇÔöÇÔöÇÔöÇÔöÇÔöÇÔöÇÔöÇÔöÇÔöÇÔöÇÔöÇÔöÇÔöÇÔöÇÔöÇÔöÇÔöÇ
    test-results\bloc0-landing-Bloc-0-ÔÇö-Lan-58fd2-ents-de-vente-sont-affich├®s-bloc0-landing-retry1\test-failed-1.png
    ÔöÇÔöÇÔöÇÔöÇÔöÇÔöÇÔöÇÔöÇÔöÇÔöÇÔöÇÔöÇÔöÇÔöÇÔöÇÔöÇÔöÇÔöÇÔöÇÔöÇÔöÇÔöÇÔöÇÔöÇÔöÇÔöÇÔöÇÔöÇÔöÇÔöÇÔöÇÔöÇÔöÇÔöÇÔöÇÔöÇÔöÇÔöÇÔöÇÔöÇÔöÇÔöÇÔöÇÔöÇÔöÇÔöÇÔöÇÔöÇÔöÇÔöÇÔöÇÔöÇÔöÇÔöÇÔöÇÔöÇÔöÇÔöÇÔöÇÔöÇÔöÇÔöÇÔöÇÔöÇÔöÇÔöÇÔöÇÔöÇÔöÇÔöÇÔöÇÔöÇÔöÇÔöÇÔöÇÔöÇÔöÇÔöÇÔöÇÔöÇÔöÇÔöÇÔöÇÔöÇÔöÇÔöÇÔöÇÔöÇÔöÇÔöÇÔöÇÔöÇÔöÇÔöÇÔöÇÔöÇ

    attachment #2: video (video/webm) ÔöÇÔöÇÔöÇÔöÇÔöÇÔöÇÔöÇÔöÇÔöÇÔöÇÔöÇÔöÇÔöÇÔöÇÔöÇÔöÇÔöÇÔöÇÔöÇÔöÇÔöÇÔöÇÔöÇÔöÇÔöÇÔöÇÔöÇÔöÇÔöÇÔöÇÔöÇÔöÇÔöÇÔöÇÔöÇÔöÇÔöÇÔöÇÔöÇÔöÇÔöÇÔöÇÔöÇÔöÇÔöÇÔöÇÔöÇÔöÇÔöÇÔöÇÔöÇÔöÇÔöÇÔöÇÔöÇÔöÇÔöÇÔöÇÔöÇÔöÇÔöÇÔöÇ
    test-results\bloc0-landing-Bloc-0-ÔÇö-Lan-58fd2-ents-de-vente-sont-affich├®s-bloc0-landing-retry1\video.webm
    ÔöÇÔöÇÔöÇÔöÇÔöÇÔöÇÔöÇÔöÇÔöÇÔöÇÔöÇÔöÇÔöÇÔöÇÔöÇÔöÇÔöÇÔöÇÔöÇÔöÇÔöÇÔöÇÔöÇÔöÇÔöÇÔöÇÔöÇÔöÇÔöÇÔöÇÔöÇÔöÇÔöÇÔöÇÔöÇÔöÇÔöÇÔöÇÔöÇÔöÇÔöÇÔöÇÔöÇÔöÇÔöÇÔöÇÔöÇÔöÇÔöÇÔöÇÔöÇÔöÇÔöÇÔöÇÔöÇÔöÇÔöÇÔöÇÔöÇÔöÇÔöÇÔöÇÔöÇÔöÇÔöÇÔöÇÔöÇÔöÇÔöÇÔöÇÔöÇÔöÇÔöÇÔöÇÔöÇÔöÇÔöÇÔöÇÔöÇÔöÇÔöÇÔöÇÔöÇÔöÇÔöÇÔöÇÔöÇÔöÇÔöÇÔöÇÔöÇÔöÇÔöÇÔöÇÔöÇÔöÇ

    Error Context: test-results\bloc0-landing-Bloc-0-ÔÇö-Lan-58fd2-ents-de-vente-sont-affich├®s-bloc0-landing-retry1\error-context.md

    attachment #4: trace (application/zip) ÔöÇÔöÇÔöÇÔöÇÔöÇÔöÇÔöÇÔöÇÔöÇÔöÇÔöÇÔöÇÔöÇÔöÇÔöÇÔöÇÔöÇÔöÇÔöÇÔöÇÔöÇÔöÇÔöÇÔöÇÔöÇÔöÇÔöÇÔöÇÔöÇÔöÇÔöÇÔöÇÔöÇÔöÇÔöÇÔöÇÔöÇÔöÇÔöÇÔöÇÔöÇÔöÇÔöÇÔöÇÔöÇÔöÇÔöÇÔöÇÔöÇÔöÇÔöÇÔöÇÔöÇÔöÇÔöÇÔöÇÔöÇ
    test-results\bloc0-landing-Bloc-0-ÔÇö-Lan-58fd2-ents-de-vente-sont-affich├®s-bloc0-landing-retry1\trace.zip
    Usage:

        npx playwright show-trace test-results\bloc0-landing-Bloc-0-ÔÇö-Lan-58fd2-ents-de-vente-sont-affich├®s-bloc0-landing-retry1\trace.zip

    ÔöÇÔöÇÔöÇÔöÇÔöÇÔöÇÔöÇÔöÇÔöÇÔöÇÔöÇÔöÇÔöÇÔöÇÔöÇÔöÇÔöÇÔöÇÔöÇÔöÇÔöÇÔöÇÔöÇÔöÇÔöÇÔöÇÔöÇÔöÇÔöÇÔöÇÔöÇÔöÇÔöÇÔöÇÔöÇÔöÇÔöÇÔöÇÔöÇÔöÇÔöÇÔöÇÔöÇÔöÇÔöÇÔöÇÔöÇÔöÇÔöÇÔöÇÔöÇÔöÇÔöÇÔöÇÔöÇÔöÇÔöÇÔöÇÔöÇÔöÇÔöÇÔöÇÔöÇÔöÇÔöÇÔöÇÔöÇÔöÇÔöÇÔöÇÔöÇÔöÇÔöÇÔöÇÔöÇÔöÇÔöÇÔöÇÔöÇÔöÇÔöÇÔöÇÔöÇÔöÇÔöÇÔöÇÔöÇÔöÇÔöÇÔöÇÔöÇÔöÇÔöÇÔöÇÔöÇÔöÇ

  1 failed
    [bloc0-landing] ÔÇ║ tests\bloc0-landing.spec.ts:36:7 ÔÇ║ Bloc 0 ÔÇö Landing Page ÔÇ║ 0.4 ÔÇö Les 3 arguments de vente sont affich├®s 
